===== physics =====
  1539 câu · 53 bài · 15 cột luật tay
  [ngẫu nhiên] R15    QWK 0.395 ± 0.008  AUC cao 0.763  acc 0.378
  [ngẫu nhiên] T      QWK 0.574 ± 0.004  AUC cao 0.860  acc 0.527
  [ngẫu nhiên] E      QWK 0.556 ± 0.007  AUC cao 0.851  acc 0.538
  [ngẫu nhiên] E+R15  QWK 0.565 ± 0.004  AUC cao 0.858  acc 0.542
  [bài mới   ] R15    QWK 0.375 ± 0.012  AUC cao 0.752  acc 0.364
  [bài mới   ] T      QWK 0.506 ± 0.007  AUC cao 0.828  acc 0.460
  [bài mới   ] E      QWK 0.543 ± 0.002  AUC cao 0.818  acc 0.506
  [bài mới   ] E+R15  QWK 0.551 ± 0.006  AUC cao 0.825  acc 0.509
  đường cong R15     25% số bài: QWK 0.340 ± 0.006
  đường cong R15     50% số bài: QWK 0.346 ± 0.015
  đường cong R15    100% số bài: QWK 0.375 ± 0.012
  đường cong T       25% số bài: QWK 0.363 ± 0.018
  đường cong T       50% số bài: QWK 0.454 ± 0.014
  đường cong T      100% số bài: QWK 0.506 ± 0.007
  đường cong E       25% số bài: QWK 0.445 ± 0.036
  đường cong E       50% số bài: QWK 0.496 ± 0.013
  đường cong E      100% số bài: QWK 0.543 ± 0.002
  đường cong E+R15   25% số bài: QWK 0.454 ± 0.028
  đường cong E+R15   50% số bài: QWK 0.504 ± 0.015
  đường cong E+R15  100% số bài: QWK 0.551 ± 0.006
  cặp trùng · R15    người–người 0.391 | máy–người 0.091 | chênh -0.300 [-0.586; -0.035] | QWK toàn bộ 0.380
  cặp trùng · E+R15  người–người 0.391 | máy–người 0.409 | chênh +0.019 [-0.197; +0.210] | QWK toàn bộ 0.581
===== history_gv =====
  1276 câu · 34 bài · 15 cột luật tay
  [ngẫu nhiên] R15    QWK 0.161 ± 0.005  AUC cao 0.659  acc 0.638
  [ngẫu nhiên] T      QWK 0.281 ± 0.009  AUC cao 0.749  acc 0.697
  [ngẫu nhiên] E      QWK 0.395 ± 0.022  AUC cao 0.755  acc 0.699
  [ngẫu nhiên] E+R15  QWK 0.392 ± 0.015  AUC cao 0.756  acc 0.701
  [bài mới   ] R15    QWK 0.138 ± 0.012  AUC cao 0.646  acc 0.629
  [bài mới   ] T      QWK 0.266 ± 0.004  AUC cao 0.734  acc 0.694
  [bài mới   ] E      QWK 0.361 ± 0.019  AUC cao 0.729  acc 0.688
  [bài mới   ] E+R15  QWK 0.362 ± 0.022  AUC cao 0.728  acc 0.691
  đường cong R15     25% số bài: QWK 0.159 ± 0.026
  đường cong R15     50% số bài: QWK 0.163 ± 0.023
  đường cong R15    100% số bài: QWK 0.138 ± 0.012
  đường cong T       25% số bài: QWK 0.218 ± 0.013
  đường cong T       50% số bài: QWK 0.231 ± 0.022
  đường cong T      100% số bài: QWK 0.266 ± 0.004
  đường cong E       25% số bài: QWK 0.319 ± 0.004
  đường cong E       50% số bài: QWK 0.324 ± 0.022
  đường cong E      100% số bài: QWK 0.361 ± 0.019
  đường cong E+R15   25% số bài: QWK 0.317 ± 0.007
  đường cong E+R15   50% số bài: QWK 0.329 ± 0.021
  đường cong E+R15  100% số bài: QWK 0.362 ± 0.022
  cặp trùng · R15    người–người 0.355 | máy–người 0.003 | chênh -0.352 [-0.915; +0.128] | QWK toàn bộ 0.137
  cặp trùng · E+R15  người–người 0.355 | máy–người 0.347 | chênh -0.008 [-0.418; +0.262] | QWK toàn bộ 0.358
→ docs/text_vs_rules.json
